// Jest Snapshot v1, https://goo.gl/fbAQLP

exports[`DpAdminLayerList should render a empty admin layer list 1`] = `
"<div class=\\"position--relative\\">
  <div class=\\"layout--flush u-mt\\">
    <h3 class=\\"layout__item u-1-of-3\\">
      map.overlays
    </h3>
    <!---->
  </div>
  <div class=\\"color--grey u-mb-0_25 u-mt-0_5 u-mr-0_5\\">
    <div class=\\"c-at-item__row-icon layout__item u-pl-0\\"></div>
    <div class=\\"layout--flush layout__item c-at-item__row u-pl-0_5\\">
      <div class=\\"layout__item u-9-of-12\\">
        description
      </div>
      <div class=\\"layout__item u-1-of-12 text--right\\"><i class=\\"fa fa-link u-mr-0_5 has-tooltip\\" data-original-title=\\"null\\"></i></div>
      <div class=\\"layout__item u-1-of-12 text--right\\"><i class=\\"fa fa-eye u-mr-0_5 has-tooltip\\" data-original-title=\\"null\\"></i></div>
      <div class=\\"layout__item u-1-of-12 text--right\\">
        edit
      </div>
    </div>
  </div>
  <!---->
  <dp-loading-stub class=\\"list__item u-pv-0_5 border--top\\"></dp-loading-stub>
  <!---->
  <h3 class=\\"u-mt\\">
    map.bases
  </h3>
  <div class=\\"color--grey u-mb-0_25 u-mt-0_5 u-mr-0_5\\">
    <div class=\\"c-at-item__row-icon layout__item u-pl-0\\"></div>
    <div class=\\"layout--flush layout__item c-at-item__row\\">
      <div class=\\"layout__item u-10-of-12 u-pl-0_5\\">
        description
      </div>
      <div class=\\"layout__item u-1-of-12 text--right\\"><i class=\\"fa fa-eye u-mr-0_5 has-tooltip\\" data-original-title=\\"null\\"></i></div>
      <div class=\\"layout__item u-1-of-12 text--right\\">
        edit
      </div>
    </div>
  </div>
  <!---->
  <div class=\\"layout--flush u-mt u-mb\\">
    <h3 class=\\"layout__item u-1-of-3\\">
      map.base.minimap
    </h3>
    <div class=\\"layout__item u-2-of-3\\"><select class=\\"o-form__control-select\\">
        <option value=\\"[object Object]\\">
          selection.no
        </option>
      </select></div>
    <p class=\\"font-size-small\\">
      map.base.minimap.hint
    </p>
  </div>
  <!---->
</div>"
`;
