// Jest Snapshot v1, https://goo.gl/fbAQLP

exports[`DpProcedureCoordinateInput should match the snapshot 1`] = `"<div class="block u-mb-0_5 u-pv-0_5 border--top flow-root"><label class="inline-block u-m-0" for="customLatitude">coordinate.right.value</label><input id="customLatitude" type="text" pattern="[0-9]*[.|,]?[0-9]+" required="" class="c-ol-map__select w-9 u-mr"><label class="inline-block u-m-0" for="customLongitude">coordinate.top.value</label><input id="customLongitude" type="text" pattern="[0-9]*[.|,]?[0-9]+" required="" class="c-ol-map__select w-9 u-mr"><button disabled="" class="btn btn--primary float-right">coordinate.location.submite</button></div>"`;
